// Jest Snapshot v1, https://goo.gl/fbAQLP

exports[`should render component 1`] = `
Object {
  "asFragment": [Function],
  "baseElement": <body>
    <div>
      <div
        class="waveWrapper waveAnimation"
      >
        <div
          class="waveWrapperInner bgTop"
        >
          <div
            class="wave waveTop"
          />
        </div>
        <div
          class="waveWrapperInner bgMiddle"
        >
          <div
            class="wave waveMiddle"
          />
        </div>
        <div
          class="waveWrapperInner bgBottom"
        >
          <div
            class="wave waveBottom"
          />
        </div>
      </div>
      <div
        class="wave-content"
      >
        <div
          class="row g-0 justify-content-center text-center p-3"
        >
          <div
            class="col-md-12"
          >
            <h3
              class="text-white"
            >
              Binary Search Algorithm
            </h3>
            <div
              class="row justify-content-center"
            >
              <div
                class="col-md-6"
              >
                <div
                  class="mb-3 input-group"
                >
                  <input
                    class="form-control"
                    disabled=""
                    value=""
                  />
                  <button
                    class="btn btn-primary"
                    type="button"
                  >
                    Random Fill
                  </button>
                </div>
                <div
                  class="mb-3 input-group"
                >
                  <input
                    class="form-control"
                    min="1"
                    placeholder="Enter search criteria"
                    type="number"
                    value=""
                  />
                </div>
                <button
                  class="btn btn-primary"
                  disabled=""
                  type="button"
                >
                  Step
                </button>
              </div>
            </div>
          </div>
        </div>
      </div>
    </div>
  </body>,
  "container": <div>
    <div
      class="waveWrapper waveAnimation"
    >
      <div
        class="waveWrapperInner bgTop"
      >
        <div
          class="wave waveTop"
        />
      </div>
      <div
        class="waveWrapperInner bgMiddle"
      >
        <div
          class="wave waveMiddle"
        />
      </div>
      <div
        class="waveWrapperInner bgBottom"
      >
        <div
          class="wave waveBottom"
        />
      </div>
    </div>
    <div
      class="wave-content"
    >
      <div
        class="row g-0 justify-content-center text-center p-3"
      >
        <div
          class="col-md-12"
        >
          <h3
            class="text-white"
          >
            Binary Search Algorithm
          </h3>
          <div
            class="row justify-content-center"
          >
            <div
              class="col-md-6"
            >
              <div
                class="mb-3 input-group"
              >
                <input
                  class="form-control"
                  disabled=""
                  value=""
                />
                <button
                  class="btn btn-primary"
                  type="button"
                >
                  Random Fill
                </button>
              </div>
              <div
                class="mb-3 input-group"
              >
                <input
                  class="form-control"
                  min="1"
                  placeholder="Enter search criteria"
                  type="number"
                  value=""
                />
              </div>
              <button
                class="btn btn-primary"
                disabled=""
                type="button"
              >
                Step
              </button>
            </div>
          </div>
        </div>
      </div>
    </div>
  </div>,
  "debug": [Function],
  "findAllByAltText": [Function],
  "findAllByDisplayValue": [Function],
  "findAllByLabelText": [Function],
  "findAllByPlaceholderText": [Function],
  "findAllByRole": [Function],
  "findAllByTestId": [Function],
  "findAllByText": [Function],
  "findAllByTitle": [Function],
  "findByAltText": [Function],
  "findByDisplayValue": [Function],
  "findByLabelText": [Function],
  "findByPlaceholderText": [Function],
  "findByRole": [Function],
  "findByTestId": [Function],
  "findByText": [Function],
  "findByTitle": [Function],
  "getAllByAltText": [Function],
  "getAllByDisplayValue": [Function],
  "getAllByLabelText": [Function],
  "getAllByPlaceholderText": [Function],
  "getAllByRole": [Function],
  "getAllByTestId": [Function],
  "getAllByText": [Function],
  "getAllByTitle": [Function],
  "getByAltText": [Function],
  "getByDisplayValue": [Function],
  "getByLabelText": [Function],
  "getByPlaceholderText": [Function],
  "getByRole": [Function],
  "getByTestId": [Function],
  "getByText": [Function],
  "getByTitle": [Function],
  "queryAllByAltText": [Function],
  "queryAllByDisplayValue": [Function],
  "queryAllByLabelText": [Function],
  "queryAllByPlaceholderText": [Function],
  "queryAllByRole": [Function],
  "queryAllByTestId": [Function],
  "queryAllByText": [Function],
  "queryAllByTitle": [Function],
  "queryByAltText": [Function],
  "queryByDisplayValue": [Function],
  "queryByLabelText": [Function],
  "queryByPlaceholderText": [Function],
  "queryByRole": [Function],
  "queryByTestId": [Function],
  "queryByText": [Function],
  "queryByTitle": [Function],
  "rerender": [Function],
  "unmount": [Function],
}
`;
